// Vitest Snapshot v1, https://vitest.dev/guide/snapshot.html

exports[`SchematicTraceSingleLineSolver2 should solve problem correctly 1`] = `
SchematicTraceSingleLineSolver2 {
  "MAX_ITERATIONS": 100000,
  "aabb": {
    "maxX": -1.15,
    "maxY": 1.15,
    "minX": -1.1500000000000004,
    "minY": 0.30000000000000004,
  },
  "activeSubSolver": undefined,
  "baseElbow": [
    {
      "x": -1.15,
      "y": 0.30000000000000004,
    },
    {
      "x": -1.3499999999999999,
      "y": 0.30000000000000004,
    },
    {
      "x": -1.3499999999999999,
      "y": 0.7250000000000001,
    },
    {
      "x": -1.1500000000000004,
      "y": 0.7250000000000001,
    },
    {
      "x": -1.1500000000000004,
      "y": 1.15,
    },
  ],
  "chipMap": {
    "schematic_component_0": {
      "center": {
        "x": 0,
        "y": 0,
      },
      "chipId": "schematic_component_0",
      "height": 1,
      "pins": [
        {
          "pinId": "U1.1",
          "x": -1.15,
          "y": 0.30000000000000004,
        },
        {
          "pinId": "U1.2",
          "x": -1.15,
          "y": 0.10000000000000003,
        },
        {
          "pinId": "U1.3",
          "x": -1.15,
          "y": -0.09999999999999998,
        },
        {
          "pinId": "U1.4",
          "x": -1.15,
          "y": -0.30000000000000004,
        },
        {
          "pinId": "U1.5",
          "x": 1.15,
          "y": -0.30000000000000004,
        },
        {
          "pinId": "U1.6",
          "x": 1.15,
          "y": -0.10000000000000003,
        },
        {
          "pinId": "U1.7",
          "x": 1.15,
          "y": 0.09999999999999998,
        },
        {
          "pinId": "U1.8",
          "x": 1.15,
          "y": 0.30000000000000004,
        },
      ],
      "width": 2.3,
    },
    "schematic_component_1": {
      "center": {
        "x": -1.1500000000000004,
        "y": 1.6700000000000002,
      },
      "chipId": "schematic_component_1",
      "height": 1.0400000000000005,
      "pins": [
        {
          "pinId": "D1.1",
          "x": -1.1500000000000004,
          "y": 1.15,
        },
        {
          "pinId": "D1.2",
          "x": -1.1500000000000004,
          "y": 2.1900000000000004,
        },
      ],
      "width": 1.04,
    },
    "schematic_component_2": {
      "center": {
        "x": -2.37,
        "y": 0.10000000000000009,
      },
      "chipId": "schematic_component_2",
      "height": 0.54,
      "pins": [
        {
          "pinId": "D2.1",
          "x": -1.85,
          "y": 0.10000000000000002,
        },
        {
          "pinId": "D2.2",
          "x": -2.89,
          "y": 0.10000000000000016,
        },
      ],
      "width": 1.04,
    },
    "schematic_component_3": {
      "center": {
        "x": 2.4,
        "y": -0.3000000000000007,
      },
      "chipId": "schematic_component_3",
      "height": 0.84,
      "pins": [
        {
          "pinId": "C1.1",
          "x": 1.8499999999999996,
          "y": -0.3000000000000007,
        },
        {
          "pinId": "C1.2",
          "x": 2.95,
          "y": -0.3000000000000007,
        },
      ],
      "width": 1.1000000000000005,
    },
    "schematic_component_4": {
      "center": {
        "x": 4.2,
        "y": -0.3000000000000007,
      },
      "chipId": "schematic_component_4",
      "height": 0.84,
      "pins": [
        {
          "pinId": "C2.1",
          "x": 3.6500000000000004,
          "y": -0.3000000000000007,
        },
        {
          "pinId": "C2.2",
          "x": 4.75,
          "y": -0.3000000000000007,
        },
      ],
      "width": 1.0999999999999996,
    },
  },
  "error": null,
  "failed": false,
  "failedSubSolvers": undefined,
  "inputProblem": {
    "availableNetLabelOrientations": {},
    "chips": [
      {
        "center": {
          "x": 0,
          "y": 0,
        },
        "chipId": "schematic_component_0",
        "height": 1,
        "pins": [
          {
            "pinId": "U1.1",
            "x": -1.15,
            "y": 0.30000000000000004,
          },
          {
            "pinId": "U1.2",
            "x": -1.15,
            "y": 0.10000000000000003,
          },
          {
            "pinId": "U1.3",
            "x": -1.15,
            "y": -0.09999999999999998,
          },
          {
            "pinId": "U1.4",
            "x": -1.15,
            "y": -0.30000000000000004,
          },
          {
            "pinId": "U1.5",
            "x": 1.15,
            "y": -0.30000000000000004,
          },
          {
            "pinId": "U1.6",
            "x": 1.15,
            "y": -0.10000000000000003,
          },
          {
            "pinId": "U1.7",
            "x": 1.15,
            "y": 0.09999999999999998,
          },
          {
            "pinId": "U1.8",
            "x": 1.15,
            "y": 0.30000000000000004,
          },
        ],
        "width": 2.3,
      },
      {
        "center": {
          "x": -1.1500000000000004,
          "y": 1.6700000000000002,
        },
        "chipId": "schematic_component_1",
        "height": 1.0400000000000005,
        "pins": [
          {
            "pinId": "D1.1",
            "x": -1.1500000000000004,
            "y": 1.15,
          },
          {
            "pinId": "D1.2",
            "x": -1.1500000000000004,
            "y": 2.1900000000000004,
          },
        ],
        "width": 1.04,
      },
      {
        "center": {
          "x": -2.37,
          "y": 0.10000000000000009,
        },
        "chipId": "schematic_component_2",
        "height": 0.54,
        "pins": [
          {
            "pinId": "D2.1",
            "x": -1.85,
            "y": 0.10000000000000002,
          },
          {
            "pinId": "D2.2",
            "x": -2.89,
            "y": 0.10000000000000016,
          },
        ],
        "width": 1.04,
      },
      {
        "center": {
          "x": 2.4,
          "y": -0.3000000000000007,
        },
        "chipId": "schematic_component_3",
        "height": 0.84,
        "pins": [
          {
            "pinId": "C1.1",
            "x": 1.8499999999999996,
            "y": -0.3000000000000007,
          },
          {
            "pinId": "C1.2",
            "x": 2.95,
            "y": -0.3000000000000007,
          },
        ],
        "width": 1.1000000000000005,
      },
      {
        "center": {
          "x": 4.2,
          "y": -0.3000000000000007,
        },
        "chipId": "schematic_component_4",
        "height": 0.84,
        "pins": [
          {
            "pinId": "C2.1",
            "x": 3.6500000000000004,
            "y": -0.3000000000000007,
          },
          {
            "pinId": "C2.2",
            "x": 4.75,
            "y": -0.3000000000000007,
          },
        ],
        "width": 1.0999999999999996,
      },
    ],
    "directConnections": [
      {
        "netId": ".U1 .VCC to .C1 .pin1",
        "pinIds": [
          "U1.5",
          "C1.1",
        ],
      },
      {
        "netId": ".C1 .pin2 to .C2 .pin1",
        "pinIds": [
          "C1.2",
          "C2.1",
        ],
      },
      {
        "netId": ".U1 .OUT1 to .D1 .pin1",
        "pinIds": [
          "U1.1",
          "D1.1",
        ],
      },
      {
        "netId": ".U1 .OUT2 to .D2 .pin1",
        "pinIds": [
          "U1.2",
          "D2.1",
        ],
      },
    ],
    "maxMspPairDistance": 2.4,
    "netConnections": [],
  },
  "iterations": 1,
  "obstacles": [
    {
      "chipId": "schematic_component_0",
      "maxX": 1.15,
      "maxY": 0.5,
      "minX": -1.15,
      "minY": -0.5,
    },
    {
      "chipId": "schematic_component_1",
      "maxX": -0.6300000000000003,
      "maxY": 2.1900000000000004,
      "minX": -1.6700000000000004,
      "minY": 1.15,
    },
    {
      "chipId": "schematic_component_2",
      "maxX": -1.85,
      "maxY": 0.3700000000000001,
      "minX": -2.89,
      "minY": -0.16999999999999993,
    },
    {
      "chipId": "schematic_component_3",
      "maxX": 2.95,
      "maxY": 0.11999999999999927,
      "minX": 1.8499999999999996,
      "minY": -0.7200000000000006,
    },
    {
      "chipId": "schematic_component_4",
      "maxX": 4.75,
      "maxY": 0.11999999999999927,
      "minX": 3.6500000000000004,
      "minY": -0.7200000000000006,
    },
  ],
  "pins": [
    {
      "_facingDirection": "x-",
      "chipId": "schematic_component_0",
      "pinId": "U1.1",
      "x": -1.15,
      "y": 0.30000000000000004,
    },
    {
      "_facingDirection": "y-",
      "chipId": "schematic_component_1",
      "pinId": "D1.1",
      "x": -1.1500000000000004,
      "y": 1.15,
    },
  ],
  "progress": 0,
  "queue": [],
  "rectById": Map {
    "schematic_component_0" => {
      "chipId": "schematic_component_0",
      "maxX": 1.15,
      "maxY": 0.5,
      "minX": -1.15,
      "minY": -0.5,
    },
    "schematic_component_1" => {
      "chipId": "schematic_component_1",
      "maxX": -0.6300000000000003,
      "maxY": 2.1900000000000004,
      "minX": -1.6700000000000004,
      "minY": 1.15,
    },
    "schematic_component_2" => {
      "chipId": "schematic_component_2",
      "maxX": -1.85,
      "maxY": 0.3700000000000001,
      "minX": -2.89,
      "minY": -0.16999999999999993,
    },
    "schematic_component_3" => {
      "chipId": "schematic_component_3",
      "maxX": 2.95,
      "maxY": 0.11999999999999927,
      "minX": 1.8499999999999996,
      "minY": -0.7200000000000006,
    },
    "schematic_component_4" => {
      "chipId": "schematic_component_4",
      "maxX": 4.75,
      "maxY": 0.11999999999999927,
      "minX": 3.6500000000000004,
      "minY": -0.7200000000000006,
    },
  },
  "solved": true,
  "solvedTracePath": [
    {
      "x": -1.15,
      "y": 0.30000000000000004,
    },
    {
      "x": -1.3499999999999999,
      "y": 0.30000000000000004,
    },
    {
      "x": -1.3499999999999999,
      "y": 0.7250000000000001,
    },
    {
      "x": -1.1500000000000004,
      "y": 0.7250000000000001,
    },
    {
      "x": -1.1500000000000004,
      "y": 1.15,
    },
  ],
  "stats": {},
  "timeToSolve": 0,
  "visited": Set {
    "-1.150000,0.300000|-1.350000,0.300000|-1.350000,0.725000|-1.150000,0.725000|-1.150000,1.150000",
  },
}
`;
