bun : bun test v1.1.0 (5903a614)
所在位置 行:2 字符: 128
+ ... B0D4C\project\schematic-trace-solver";bun test > test_output.txt 2>&1
+                                           ~~~~~~~~~~~~~~~~~~~~~~~~~~~~~~~
    + CategoryInfo          : NotSpecified: (bun test v1.1.0 (5903a614):String) [], RemoteException
    + FullyQualifiedErrorId : NativeCommandError
 

tests\svg.test.ts:
(pass) svg snapshot example [13.74ms]

tests\examples\example01.test.ts:
Dispatch phase complete. Created 0 sub-solvers.
All sub-solvers finished.
(pass) example01 [101.12ms]

tests\examples\example02.test.ts:
Dispatch phase complete. Created 0 sub-solvers.
All sub-solvers finished.
(pass) example02 [60.18ms]

tests\examples\example03.test.ts:
Dispatch phase complete. Created 2 sub-solvers.
(pass) example03 [719.51ms]

tests\examples\example04.test.ts:
Dispatch phase complete. Created 0 sub-solvers.
All sub-solvers finished.
(pass) example04 [49.59ms]

tests\examples\example05.test.ts:
Dispatch phase complete. Created 0 sub-solvers.
All sub-solvers finished.
(pass) example05 [50.93ms]

tests\examples\example06.test.ts:
Dispatch phase complete. Created 0 sub-solvers.
All sub-solvers finished.
(pass) example06 [43.09ms]

tests\examples\example07.test.ts:
Dispatch phase complete. Created 0 sub-solvers.
All sub-solvers finished.
(pass) example07 [49.40ms]

tests\examples\example08.test.ts:
Dispatch phase complete. Created 0 sub-solvers.
All sub-solvers finished.
(pass) example08 [43.82ms]

tests\examples\example09.test.ts:
Dispatch phase complete. Created 0 sub-solvers.
All sub-solvers finished.
(pass) example09 [71.97ms]

tests\examples\example10.test.ts:
Dispatch phase complete. Created 0 sub-solvers.
All sub-solvers finished.
(pass) example10 [48.47ms]

tests\examples\example11.test.ts:
Dispatch phase complete. Created 0 sub-solvers.
All sub-solvers finished.
(pass) example11 [50.69ms]

tests\examples\example12.test.ts:
Dispatch phase complete. Created 0 sub-solvers.
All sub-solvers finished.
(pass) example12 [49.69ms]

tests\examples\example13.test.ts:
Dispatch phase complete. Created 0 sub-solvers.
All sub-solvers finished.
(pass) example13 [108.35ms]

tests\examples\example14.test.ts:
Dispatch phase complete. Created 1 sub-solvers.
All sub-solvers finished.
(pass) example14 [55.82ms]

tests\examples\example15.test.ts:
Dispatch phase complete. Created 0 sub-solvers.
All sub-solvers finished.
(pass) example15 [97.14ms]

tests\examples\example16.test.ts:
Dispatch phase complete. Created 2 sub-solvers.
All sub-solvers finished.
(pass) example16 [49.54ms]

tests\examples\example17.test.ts:
Dispatch phase complete. Created 0 sub-solvers.
All sub-solvers finished.
(pass) example17 [47.24ms]

tests\examples\example18.test.ts:
Dispatch phase complete. Created 0 sub-solvers.
All sub-solvers finished.
(pass) example18 [56.47ms]

tests\examples\example19.test.ts:
Dispatch phase complete. Created 0 sub-solvers.
All sub-solvers finished.
(pass) example19 [53.95ms]

tests\examples\example20.test.ts:
Dispatch phase complete. Created 1 sub-solvers.
All sub-solvers finished.
(pass) example20 [52.43ms]

tests\examples\example21.test.ts:
Dispatch phase complete. Created 1 sub-solvers.
All sub-solvers finished.
(pass) example21 [110.47ms]

tests\examples\example22.test.ts:
Dispatch phase complete. Created 1 sub-solvers.
All sub-solvers finished.
(pass) example22 [49.33ms]

tests\examples\example23.test.ts:
Dispatch phase complete. Created 1 sub-solvers.
All sub-solvers finished.
(pass) example23 [48.46ms]

tests\examples\example24.test.ts:
Dispatch phase complete. Created 1 sub-solvers.
All sub-solvers finished.
(pass) example24 [59.09ms]

tests\examples\example25.test.ts:
Dispatch phase complete. Created 0 sub-solvers.
All sub-solvers finished.
(pass) example25 [60.36ms]

tests\examples\example26.test.ts:
Dispatch phase complete. Created 1 sub-solvers.
All sub-solvers finished.
(pass) example26 [66.13ms]

tests\examples\example27.test.ts:
(pass) example27 [53.81ms]

tests\examples\example28.test.ts:
Dispatch phase complete. Created 1 sub-solvers.
All sub-solvers finished.
(pass) example28 [52.23ms]

tests\examples\example29.test.ts:
Dispatch phase complete. Created 0 sub-solvers.
All sub-solvers finished.
(pass) example29 [179.37ms]

tests\examples\example30.test.ts:
Dispatch phase complete. Created 2 sub-solvers.
All sub-solvers finished.
(pass) example30 [57.77ms]

tests\examples\example31.test.ts:
Dispatch phase complete. Created 0 sub-solvers.
All sub-solvers finished.
(pass) example31-repro61 [50.88ms]

tests\functions\generateElbowVariants.test.ts:
(skip) generateElbowVariants - simple horizontal segment
(pass) generateElbowVariants - no movable segments [0.73ms]
(skip) generateElbowVariants - vertical movable segment
(skip) generateElbowVariants - multiple segments with guidelines

tests\functions\getOrthogonalMinimumSpanningTree.test.ts:
(pass) getOrthogonalMinimumSpanningTree [0.49ms]

tests\solvers\MspConnectionPairSolver\MspConnectionPairSolver_repro1.test.ts:
(pass) MspConnectionPairSolver_repro1 [0.32ms]

tests\solvers\MspConnectionPairSolver\MspConnectionPairSolver_repro2.test.ts:
(pass) MspConnectionPairSolver should solve problem correctly [2.97ms]

tests\solvers\SchematicTracePipelineSolver\SchematicTracePipelineSolver_repro01.test.ts:
Dispatch phase complete. Created 0 sub-solvers.
All sub-solvers finished.
(pass) SchematicTracePipelineSolver_repro01 [2.08ms]

tests\solvers\SchematicTracePipelineSolver\SchematicTracePipelineSolver_repro02.test.ts:
Dispatch phase complete. Created 0 sub-solvers.
All sub-solvers finished.
(pass) SchematicTracePipelineSolver should solve problem correctly [5.42ms]

tests\solvers\SchematicTracePipelineSolver\SchematicTracePipelineSolver_repro03.test.ts:
Dispatch phase complete. Created 1 sub-solvers.
All sub-solvers finished.
(pass) SchematicTracePipelineSolver_repro03 - infinite loop fixed [7.95ms]

tests\solvers\SchematicTraceSingleLineSolver\SchematicTraceSingleLineSolver_repro01.test.ts:
(skip) SchematicTraceSingleLineSolver_repro01

tests\solvers\SchematicTraceSingleLineSolver\SchematicTraceSingleLineSolver_repro02.test.ts:
(pass) SchematicTraceSingleLineSolver should solve problem correctly [11.34ms]

tests\solvers\SchematicTraceSingleLineSolver\SchematicTraceSingleLineSolver_shortest.test.ts:
(pass) SchematicTraceSingleLineSolver chooses shortest candidate path [1.42ms]

tests\solvers\SchematicTraceSingleLineSolver2\SchematicTraceSingleLineSolver2_01-example17-d1_1-u1_1.test.ts:
(pass) SchematicTraceSingleLineSolver2 should solve problem correctly [48.46ms]

tests\solvers\TraceCleanupSolver\TraceCleanupSolver.test.ts:
(pass) TraceCleanupSolver snapshot [51.19ms]

tests\solvers\TraceLabelOverlapAvoidanceSolver\TraceLabelOverlapAvoidanceSolver.test.ts:
Dispatch phase complete. Created 0 sub-solvers.
All sub-solvers finished.
(pass) TraceLabelOverlapAvoidanceSolver snapshot [63.55ms]

tests\solvers\NetLabelPlacementSolver\SingleNetLabelPlacementSolver\SingleNetLabelPlacementSolver01.test.ts:
(pass) SingleNetLabelPlacementSolver01 issue reproduction (should pass) [0.25ms]

tests\solvers\TraceLabelOverlapAvoidanceSolver\renderComparisonView\renderComparisonView01.test.ts:
(pass) NetLabelPlacementSolver-to-MergedNetLabelObstacles snapshot [61.90ms]

tests\solvers\TraceLabelOverlapAvoidanceSolver\renderComparisonView\renderComparisonView02.test.ts:
(pass) MergedNetLabelObstaclesSolver-to-SingleOverlapSolver snapshot [51.70ms]

tests\solvers\TraceLabelOverlapAvoidanceSolver\renderComparisonView\renderComparisonView03.test.ts:
(pass) SingleOverlapSolver-to-TraceCleanupSolver snapshot [45.24ms]

tests\solvers\TraceLabelOverlapAvoidanceSolver\sub-solver\MergedNetLabelObstacles.test.ts:
(pass) LabelMergingSolver snapshot [43.37ms]

tests\solvers\TraceLabelOverlapAvoidanceSolver\sub-solver\OverlapAvoidanceStepSolver.test.ts:
(pass) OverlapAvoidanceStepSolver snapshot [56.95ms]

tests\solvers\TraceLabelOverlapAvoidanceSolver\sub-solver\SingleOverlapSolver.test.ts:
(pass) SingleOverlapSolver snapshot [44.26ms]

4 tests skipped:
(skip) generateElbowVariants - simple horizontal segment
(skip) generateElbowVariants - vertical movable segment
(skip) generateElbowVariants - multiple segments with guidelines
(skip) SchematicTraceSingleLineSolver_repro01

 51 pass
 4 skip
 0 fail
 101 expect() calls
Ran 55 tests across 52 files. [3.58s]
